nikita@nikita-pc:~$ sudo cat /etc/passwd
root:x:0:0:root:/root:/bin/bash
daemon:x:1:1:daemon:/usr/sbin:/usr/sbin/nologin
bin:x:2:2:bin:/bin:/usr/sbin/nologin
sys:x:3:3:sys:/dev:/usr/sbin/nologin
sync:x:4:65534:sync:/bin:/bin/sync
games:x:5:60:games:/usr/games:/usr/sbin/nologin
man:x:6:12:man:/var/cache/man:/usr/sbin/nologin
lp:x:7:7:lp:/var/spool/lpd:/usr/sbin/nologin
mail:x:8:8:mail:/var/mail:/usr/sbin/nologin
news:x:9:9:news:/var/spool/news:/usr/sbin/nologin
uucp:x:10:10:uucp:/var/spool/uucp:/usr/sbin/nologin
(...)

nikita@nikita-pc:~$ sudo cat /etc/shadow
root:!:16950:0:99999:7:::
daemon:*:16911:0:99999:7:::
bin:*:16911:0:99999:7:::
sys:*:16911:0:99999:7:::
(...)
usbmux:*:16911:0:99999:7:::
nikita:$6$rQrZ9lk/$MnoiobKSEiHH3ot0gXa8Gf9cYQuBPoG8ouhFYTVHjAb3oCwL.MAm5Nq/wfTW0RWIWgt/mED0sSR65JI6bU9.u/:16950:0:99999:7:::

nikita@nikita-pc:~/temp1$ sudo passwd
Enter new UNIX password: 
Retype new UNIX password: 
passwd: password updated successfully

nikita@nikita-pc:~/temp1$ sudo passwd nikita
Changing password for nikita.
passwd: Authentication token manipulation error
passwd: password unchanged

nikita@nikita-pc:~/temp1$ sudo passwd
Changing password for nikita.
Enter new UNIX password: 
Retype new UNIX password: 
Password unchanged


